Warning: changed valency_val to valency_boc for H
Warning: changed valency_val to valency_boc for C
Warning: changed valency_val to valency_boc for N
Warning: changed valency_val to valency_boc for O
Warning: changed valency_val to valency_boc for S
[CRAYBLAS_WARNING] Application linked against multiple cray-libsci libraries
[CRAYBLAS_WARNING] Application linked against multiple cray-libsci libraries
[CRAYBLAS_WARNING] Application linked against multiple cray-libsci libraries
[CRAYBLAS_WARNING] Application linked against multiple cray-libsci libraries
[CRAYBLAS_WARNING] Application linked against multiple cray-libsci libraries
[CRAYBLAS_WARNING] Application linked against multiple cray-libsci libraries
[CRAYBLAS_WARNING] Application linked against multiple cray-libsci libraries
[CRAYBLAS_WARNING] Application linked against multiple cray-libsci libraries
[CRAYBLAS_WARNING] Application linked against multiple cray-libsci libraries
[CRAYBLAS_WARNING] Application linked against multiple cray-libsci libraries
[CRAYBLAS_WARNING] Application linked against multiple cray-libsci libraries
[CRAYBLAS_WARNING] Application linked against multiple cray-libsci libraries
[CRAYBLAS_WARNING] Application linked against multiple cray-libsci libraries
[CRAYBLAS_WARNING] Application linked against multiple cray-libsci libraries
[CRAYBLAS_WARNING] Application linked against multiple cray-libsci libraries
[CRAYBLAS_WARNING] Application linked against multiple cray-libsci libraries
[CRAYBLAS_WARNING] Application linked against multiple cray-libsci libraries
[CRAYBLAS_WARNING] Application linked against multiple cray-libsci libraries
[CRAYBLAS_WARNING] Application linked against multiple cray-libsci libraries
[CRAYBLAS_WARNING] Application linked against multiple cray-libsci libraries
[CRAYBLAS_WARNING] Application linked against multiple cray-libsci libraries
[CRAYBLAS_WARNING] Application linked against multiple cray-libsci libraries
[CRAYBLAS_WARNING] Application linked against multiple cray-libsci libraries
[CRAYBLAS_WARNING] Application linked against multiple cray-libsci libraries
[CRAYBLAS_WARNING] Application linked against multiple cray-libsci libraries
[CRAYBLAS_WARNING] Application linked against multiple cray-libsci libraries
[CRAYBLAS_WARNING] Application linked against multiple cray-libsci libraries
[CRAYBLAS_WARNING] Application linked against multiple cray-libsci libraries
[CRAYBLAS_WARNING] Application linked against multiple cray-libsci libraries
[CRAYBLAS_WARNING] Application linked against multiple cray-libsci libraries
[CRAYBLAS_WARNING] Application linked against multiple cray-libsci libraries
[CRAYBLAS_WARNING] Application linked against multiple cray-libsci libraries
[CRAYBLAS_WARNING] Application linked against multiple cray-libsci libraries
[CRAYBLAS_WARNING] Application linked against multiple cray-libsci libraries
[CRAYBLAS_WARNING] Application linked against multiple cray-libsci libraries
[CRAYBLAS_WARNING] Application linked against multiple cray-libsci libraries
[CRAYBLAS_WARNING] Application linked against multiple cray-libsci libraries
[CRAYBLAS_WARNING] Application linked against multiple cray-libsci libraries
[CRAYBLAS_WARNING] Application linked against multiple cray-libsci libraries
[CRAYBLAS_WARNING] Application linked against multiple cray-libsci libraries
[CRAYBLAS_WARNING] Application linked against multiple cray-libsci libraries
[CRAYBLAS_WARNING] Application linked against multiple cray-libsci libraries
[CRAYBLAS_WARNING] Application linked against multiple cray-libsci libraries
[CRAYBLAS_WARNING] Application linked against multiple cray-libsci libraries
[CRAYBLAS_WARNING] Application linked against multiple cray-libsci libraries
[CRAYBLAS_WARNING] Application linked against multiple cray-libsci libraries
[CRAYBLAS_WARNING] Application linked against multiple cray-libsci libraries
[CRAYBLAS_WARNING] Application linked against multiple cray-libsci libraries
[CRAYBLAS_WARNING] Application linked against multiple cray-libsci libraries
[CRAYBLAS_WARNING] Application linked against multiple cray-libsci libraries
[CRAYBLAS_WARNING] Application linked against multiple cray-libsci libraries
[CRAYBLAS_WARNING] Application linked against multiple cray-libsci libraries
[CRAYBLAS_WARNING] Application linked against multiple cray-libsci libraries
[CRAYBLAS_WARNING] Application linked against multiple cray-libsci libraries
[CRAYBLAS_WARNING] Application linked against multiple cray-libsci libraries
[CRAYBLAS_WARNING] Application linked against multiple cray-libsci libraries
[CRAYBLAS_WARNING] Application linked against multiple cray-libsci libraries
[CRAYBLAS_WARNING] Application linked against multiple cray-libsci libraries
[CRAYBLAS_WARNING] Application linked against multiple cray-libsci libraries
[CRAYBLAS_WARNING] Application linked against multiple cray-libsci libraries
[CRAYBLAS_WARNING] Application linked against multiple cray-libsci libraries
[CRAYBLAS_WARNING] Application linked against multiple cray-libsci libraries
[CRAYBLAS_WARNING] Application linked against multiple cray-libsci libraries
[CRAYBLAS_WARNING] Application linked against multiple cray-libsci libraries
