RUNNING on EXPANSE
RUNNING on CPUs
Running on 128  processors and 1 OMP THREADS
host exp-13-47  ldd not-found (.so): 0
cpu128_r2_a0 rc=0
Loop time of 47.3043 on 128 procs for 1000 steps with 12288 atoms
Performance: 1.826 ns/day, 13.140 hours/ns, 21.140 timesteps/s, 259.765 katom-step/s
cpu128_r4_a0 rc=0
Loop time of 63.0592 on 128 procs for 200 steps with 98304 atoms
Performance: 0.274 ns/day, 87.582 hours/ns, 3.172 timesteps/s, 311.783 katom-step/s
cpu128_r6_a0 rc=0
Loop time of 117.72 on 128 procs for 100 steps with 331776 atoms
Performance: 0.073 ns/day, 326.999 hours/ns, 0.849 timesteps/s, 281.836 katom-step/s
cpu128_r8_a0 rc=0
Loop time of 163.759 on 128 procs for 50 steps with 786432 atoms
Performance: 0.026 ns/day, 909.772 hours/ns, 0.305 timesteps/s, 240.119 katom-step/s
cpu128_r2_a1 rc=0
Loop time of 16.1985 on 128 procs for 1000 steps with 12288 atoms
Performance: 5.334 ns/day, 4.500 hours/ns, 61.734 timesteps/s, 758.591 katom-step/s
cpu128_r4_a1 rc=0
Loop time of 21.8204 on 128 procs for 200 steps with 98304 atoms
Performance: 0.792 ns/day, 30.306 hours/ns, 9.166 timesteps/s, 901.030 katom-step/s
cpu128_r6_a1 rc=0
Loop time of 39.8945 on 128 procs for 100 steps with 331776 atoms
Performance: 0.217 ns/day, 110.818 hours/ns, 2.507 timesteps/s, 831.634 katom-step/s
cpu128_r8_a1 rc=0
Loop time of 59.6534 on 128 procs for 50 steps with 786432 atoms
Performance: 0.072 ns/day, 331.408 hours/ns, 0.838 timesteps/s, 659.168 katom-step/s
