RUNNING on EXPANSE
RUNNING on GPUs (4 GPU(s))
== node exp-7-60
	[4mGPU0	GPU1	GPU2	GPU3	NIC0	CPU Affinity	NUMA Affinity	GPU NUMA ID[0m
GPU0	 X 	NV2	NV2	NV2	NODE	0,2,4,6	0		N/A
GPU1	NV2	 X 	NV2	NV2	NODE	0,2,4,6	0		N/A
GPU2	NV2	NV2	 X 	NV2	SYS	1,3,5,7	1		N/A
GPU3	NV2	NV2	NV2	 X 	SYS	1,3,5,7	1		N/A
NIC0	NODE	NODE	SYS	SYS	 X 				

Legend:

  X    = Self
  SYS  = Connection traversing PCIe as well as the SMP interconnect between NUMA nodes (e.g., QPI/UPI)
  NODE = Connection traversing PCIe as well as the interconnect between PCIe Host Bridges within a NUMA node
== kernel modules
nvidia_uvm           1818624  8
gdrdrv                 24576  0
nvidia              103899136  71 nvidia_uvm,gdrdrv,nvidia_modeset
crw-rw-rw- 1 root root 506, 0 Jun 17 09:19 /dev/gdrdrv
== mpi
/cm/shared/apps/spack/0.21.2/gpu/a/opt/spack/linux-rocky8-cascadelake/gcc-13.3.0/openmpi-4.1.8-h2v3ysa3oblacsbkoaoqx2jm7fte5whr/bin/mpirun
mca:btl:smcuda:version:"mca:2.1.0"
mca:btl:smcuda:version:"api:3.1.0"
mca:btl:smcuda:version:"component:4.1.8"
mca:pml:ucx:version:"mca:2.1.0"
mca:pml:ucx:version:"api:2.0.0"
== ucx
# Library version: 1.14.1
# Library path: /cm/shared/apps/spack/0.21.2/gpu/a/opt/spack/linux-rocky8-cascadelake/gcc-13.3.0/ucx-1.14.1-lkple4mkq2xs4npltq3uyay56rdtwe6y/lib/libucs.so.0
      1 #      Transport: cuda_copy
      1 #      Transport: cuda_ipc
      1 #      Transport: dc_mlx5
      1 #      Transport: gdr_copy
      1 #      Transport: posix
      1 #      Transport: rc_mlx5
      1 #      Transport: rc_verbs
      1 #      Transport: sysv
      1 #      Transport: ud_mlx5
      1 #      Transport: ud_verbs
[1789585850.320431] [exp-7-60:1198992:0]          parser.c:1989 UCX  WARN  unused environment variable: UCX_ROOT (maybe: UCX_PROTOS?)
[1789585850.320431] [exp-7-60:1198992:0]          parser.c:1989 UCX  WARN  (set UCX_WARN_UNUSED_ENV_VARS=n to suppress this warning)
compile-time MPIX_CUDA_AWARE_SUPPORT=1 runtime MPIX_Query_cuda_support()=1
gpu/aware off rc=0
Performance: 0.014 ns/day, 1682.648 hours/ns, 0.165 timesteps/s, 54.771 katom-step/s
package kokkos newton on neigh half gpu/aware off
gpu/aware on rc=0
Performance: 0.146 ns/day, 164.489 hours/ns, 1.689 timesteps/s, 560.281 katom-step/s
package kokkos newton on neigh half gpu/aware on
gpu/aware on, UCX_TLS without cuda_ipc rc=0
Performance: 0.146 ns/day, 164.837 hours/ns, 1.685 timesteps/s, 559.097 katom-step/s
