RUNNING on EXPANSE
RUNNING on GPUs (4 GPU(s))
host exp-7-59  CUDA_VISIBLE_DEVICES=0,1,2,3  ldd not-found (.so): 0
Tesla V100-SXM2-32GB, 32768 MiB
Tesla V100-SXM2-32GB, 32768 MiB
Tesla V100-SXM2-32GB, 32768 MiB
Tesla V100-SXM2-32GB, 32768 MiB
gpu1_r4_a1_d1 rc=0
   peak GPU memory (MiB): 3710
Loop time of 56.7811 on 1 procs for 200 steps with 98304 atoms
Performance: 0.304 ns/day, 78.863 hours/ns, 3.522 timesteps/s, 346.256 katom-step/s
samqeq/kk: stored-H device matvec active (98304 x 925 slots, 0.68 GB) — the pair kernels are evaluated once per solve instead of once per CG iteration
gpu4_r4_a1_d1 rc=0
   peak GPU memory (MiB): 1444
Loop time of 13.1358 on 4 procs for 200 steps with 98304 atoms
Performance: 1.315 ns/day, 18.244 hours/ns, 15.226 timesteps/s, 1.497 Matom-step/s
samqeq/kk: stored-H device matvec active (24576 x 925 slots, 0.17 GB) — the pair kernels are evaluated once per solve instead of once per CG iteration
gpu1_r4_a0_d0 rc=0
   peak GPU memory (MiB): 3696
Loop time of 599.091 on 1 procs for 200 steps with 98304 atoms
Performance: 0.029 ns/day, 832.071 hours/ns, 0.334 timesteps/s, 32.818 katom-step/s
samqeq/kk: stored-H device matvec active (98304 x 925 slots, 0.68 GB) — the pair kernels are evaluated once per solve instead of once per CG iteration
