RUNNING on EXPANSE
RUNNING on GPUs (2 GPU(s))
host exp-7-60  CUDA_VISIBLE_DEVICES=0,1
-rwxr-xr-x 1 tpascal csd626 692804488 2026-09-16_11:35:56 /home/tpascal/codes/lammps/install/gpu_v100/lib64/liblammps_expanse_gpu_v100.so.0
ldd not-found (.so): 0
host V5 np1 rc=0
kk   V5 np1 rc=0
PPPM Kokkos initialization ...
host V5 np2 rc=0
kk   V5 np2 rc=0
PPPM Kokkos initialization ...
host V1 np1 rc=0
kk   V1 np1 rc=0
PPPM Kokkos initialization ...
host V1 np2 rc=0
kk   V1 np2 rc=0
PPPM Kokkos initialization ...
== V5 np1
step 0 natoms 1536 max|A-B|: q 0.000e+00  fx 9.999e-15  fy 0.000e+00  fz 1.000e-11  dnetF 1.776e-15 0.000e+00 1.010e-11
   force error, atoms < 2 A from a box face: 9.999e-15; farther: 1.000e-11
== V5 np2
step 0 natoms 1536 max|A-B|: q 0.000e+00  fx 1.000e-14  fy 1.000e-11  fz 0.000e+00  dnetF -8.882e-15 0.000e+00 0.000e+00
   force error, atoms < 2 A from a box face: 0.000e+00; farther: 1.000e-11
== V1 np1
step 0 natoms 1536 max|A-B|: q 0.000e+00  fx 1.000e-12  fy 1.000e-14  fz 1.000e-12  dnetF 9.912e-13 1.066e-14 -1.084e-12
   force error, atoms < 2 A from a box face: 1.000e-12; farther: 1.000e-12
== V1 np2
step 0 natoms 1536 max|A-B|: q 0.000e+00  fx 1.000e-13  fy 1.000e-12  fz 1.000e-12  dnetF -9.770e-14 2.100e-12 -9.237e-14
   force error, atoms < 2 A from a box face: 1.000e-12; farther: 1.000e-12
agree host rc=0
agree dev rc=0
step 0 natoms 12288 max|A-B|: q 1.000e-11
step 10 natoms 12288 max|A-B|: q 1.000e-11
V5 np1: max force diff 1.000e-11
V5 np2: max force diff 1.000e-11
V1 np1: max force diff 1.000e-12
V1 np2: max force diff 1.000e-12
PASS []
