RUNNING on EXPANSE
RUNNING on GPUs (4 GPU(s))
host exp-7-60  CUDA_VISIBLE_DEVICES=0,1,2,3  SLURM_GPUS=4
name, memory.total [MiB]
Tesla V100-SXM2-32GB, 32768 MiB
Tesla V100-SXM2-32GB, 32768 MiB
Tesla V100-SXM2-32GB, 32768 MiB
Tesla V100-SXM2-32GB, 32768 MiB
ldd not-found (exe): 0
ldd not-found (.so): 0
style check rc=0 lines=589 qeq/sam/kk=1 pppm/samqeq/kk=1 shake/kk=1 coul/shield/intra/kk=1
fgate host V4 rc=0
fgate kk   V4 rc=0
step 0 natoms 1536 max|A-B|: q 0.000e+00  fx 9.999e-15  fy 0.000e+00  fz 1.000e-11  dnetF 1.776e-15 0.000e+00 1.010e-11
   force error, atoms < 2 A from a box face: 9.999e-15; farther: 1.000e-11
fgate host V5 rc=0
fgate kk   V5 rc=0
step 0 natoms 1536 max|A-B|: q 0.000e+00  fx 3.372e-01  fy 4.873e-01  fz 2.950e-01  dnetF -9.076e-01 -3.327e+00 -1.602e+00
   force error, atoms < 2 A from a box face: 4.873e-01; farther: 1.000e-11
agree host rc=0
agree dev rc=0
step 0 natoms 12288 max|A-B|: q 1.000e-11
step 10 natoms 12288 max|A-B|: q 2.905e-03
samqeq/kk: stored-H device matvec active (12288 x 925 slots, 0.08 GB) — the pair kernels are evaluated once per solve instead of once per CG iteration
samqeq/kk S7 device project_neutral: max|P_dev - P_host| = 0.000e+00 (default non-CONP path; ~0 => primitive correct)
samqeq/kk S8 device qeq_matvec (q-direct): max|M_dev - M_host| = 1.033e-14 (eta+H+recip+project; ~0 => operator correct)
samqeq/kk S9 device q-direct CG: host 15 iters / device 15 iters, max|x_dev - x_host| = 6.523e-16 (~tol => CG correct)
pilot dev1 rc=0
pilot dev1 timers rc=0
pilot kkhost1 rc=0
pilot dev4 rc=0
== log.pilot_dev1
WARNING: Fix qeq/sam/kk not compatible with sending data in Kokkos communication (src/KOKKOS/comm_kokkos.cpp:934)
WARNING: Fix with atom-based arrays not compatible with sending data in Kokkos communication, switching to legacy exchange/border communication (src/KOKKOS/comm_kokkos.cpp:941)
WARNING: Fix qeq/sam/kk not (yet) compatible with Kokkos sorting on device (src/KOKKOS/atom_kokkos.cpp:303)
WARNING: Fix with atom-based arrays not (yet) compatible with Kokkos sorting on device, switching to legacy host sorting (src/KOKKOS/atom_kokkos.cpp:309)
samqeq/kk: stored-H device matvec active (98304 x 925 slots, 0.68 GB) — the pair kernels are evaluated once per solve instead of once per CG iteration
Loop time of 33.525 on 1 procs for 50 steps with 98304 atoms
Performance: 0.129 ns/day, 186.250 hours/ns, 1.491 timesteps/s, 146.613 katom-step/s
Pair    | 0.15165    | 0.15165    | 0.15165    |   0.0 |  0.45
Kspace  | 2.4156     | 2.4156     | 2.4156     |   0.0 |  7.21
Comm    | 0.31988    | 0.31988    | 0.31988    |   0.0 |  0.95
Modify  | 30.163     | 30.163     | 30.163     |   0.0 | 89.97
print           "BENCH_DONE REP=${REP} NSTEP=${NSTEP} DEV=${DEV} ASPC=${ASPC} natoms=$(atoms)"
BENCH_DONE REP=4 NSTEP=50 DEV=1 ASPC=0 natoms=98304
== log.pilot_dev1_timers
WARNING: Fix qeq/sam/kk not compatible with sending data in Kokkos communication (src/KOKKOS/comm_kokkos.cpp:934)
WARNING: Fix with atom-based arrays not compatible with sending data in Kokkos communication, switching to legacy exchange/border communication (src/KOKKOS/comm_kokkos.cpp:941)
WARNING: Fix qeq/sam/kk not (yet) compatible with Kokkos sorting on device (src/KOKKOS/atom_kokkos.cpp:303)
WARNING: Fix with atom-based arrays not (yet) compatible with Kokkos sorting on device, switching to legacy host sorting (src/KOKKOS/atom_kokkos.cpp:309)
samqeq/kk: stored-H device matvec active (98304 x 925 slots, 0.68 GB) — the pair kernels are evaluated once per solve instead of once per CG iteration
Loop time of 33.5852 on 1 procs for 50 steps with 98304 atoms
Performance: 0.129 ns/day, 186.584 hours/ns, 1.489 timesteps/s, 146.350 katom-step/s
Pair    | 0.15153    | 0.15153    | 0.15153    |   0.0 |  0.45
Kspace  | 2.4159     | 2.4159     | 2.4159     |   0.0 |  7.19
Comm    | 0.31973    | 0.31973    | 0.31973    |   0.0 |  0.95
Modify  | 30.224     | 30.224     | 30.224     |   0.0 | 89.99
print           "BENCH_DONE REP=${REP} NSTEP=${NSTEP} DEV=${DEV} ASPC=${ASPC} natoms=$(atoms)"
BENCH_DONE REP=4 NSTEP=50 DEV=1 ASPC=0 natoms=98304
== log.pilot_kkhost1
WARNING: Fix qeq/sam/kk not compatible with sending data in Kokkos communication (src/KOKKOS/comm_kokkos.cpp:934)
WARNING: Fix with atom-based arrays not compatible with sending data in Kokkos communication, switching to legacy exchange/border communication (src/KOKKOS/comm_kokkos.cpp:941)
WARNING: Fix qeq/sam/kk not (yet) compatible with Kokkos sorting on device (src/KOKKOS/atom_kokkos.cpp:303)
WARNING: Fix with atom-based arrays not (yet) compatible with Kokkos sorting on device, switching to legacy host sorting (src/KOKKOS/atom_kokkos.cpp:309)
samqeq/kk: stored-H device matvec active (98304 x 925 slots, 0.68 GB) — the pair kernels are evaluated once per solve instead of once per CG iteration
Loop time of 148.417 on 1 procs for 50 steps with 98304 atoms
Performance: 0.029 ns/day, 824.540 hours/ns, 0.337 timesteps/s, 33.117 katom-step/s
Pair    | 0.35627    | 0.35627    | 0.35627    |   0.0 |  0.24
Kspace  | 2.4222     | 2.4222     | 2.4222     |   0.0 |  1.63
Comm    | 0.31967    | 0.31967    | 0.31967    |   0.0 |  0.22
Modify  | 145.03     | 145.03     | 145.03     |   0.0 | 97.72
print           "BENCH_DONE REP=${REP} NSTEP=${NSTEP} DEV=${DEV} ASPC=${ASPC} natoms=$(atoms)"
BENCH_DONE REP=4 NSTEP=50 DEV=0 ASPC=0 natoms=98304
== log.pilot_dev4
WARNING: Fix qeq/sam/kk not compatible with sending data in Kokkos communication (src/KOKKOS/comm_kokkos.cpp:934)
WARNING: Fix with atom-based arrays not compatible with sending data in Kokkos communication, switching to legacy exchange/border communication (src/KOKKOS/comm_kokkos.cpp:941)
WARNING: Fix qeq/sam/kk not (yet) compatible with Kokkos sorting on device (src/KOKKOS/atom_kokkos.cpp:303)
WARNING: Fix with atom-based arrays not (yet) compatible with Kokkos sorting on device, switching to legacy host sorting (src/KOKKOS/atom_kokkos.cpp:309)
samqeq/kk: stored-H device matvec active (24576 x 925 slots, 0.17 GB) — the pair kernels are evaluated once per solve instead of once per CG iteration
Loop time of 7.52205 on 4 procs for 50 steps with 98304 atoms
Performance: 0.574 ns/day, 41.789 hours/ns, 6.647 timesteps/s, 653.439 katom-step/s
Pair    | 0.048465   | 0.049007   | 0.04968    |   0.2 |  0.65
Kspace  | 0.45341    | 0.45477    | 0.45654    |   0.2 |  6.05
Comm    | 0.060123   | 0.060209   | 0.060278   |   0.0 |  0.80
Modify  | 6.8192     | 6.82       | 6.8209     |   0.0 | 90.67
print           "BENCH_DONE REP=${REP} NSTEP=${NSTEP} DEV=${DEV} ASPC=${ASPC} natoms=$(atoms)"
BENCH_DONE REP=4 NSTEP=50 DEV=1 ASPC=0 natoms=98304
samqeq HOST TIMING over 51 solves
   qeq_solve total                  24.614 s
     build_molinv                    0.015 s    0.1%
     q0 reference field              0.000 s    0.0%
     project_neutral (83 calls)      0.036 s    0.1%
     CG (device when engaged)       24.485 s   99.5%
     everything else (RHS fill, calculate_Q, ASPC bookkeeping)    0.078 s    0.3%
samqeq/kk TIMING: host csr matvec ran 16 times during this run
samqeq/kk TIMING over 774 device matvecs (51 H builds), total 24.654 s
samqeq HOST TIMING over 51 solves
   qeq_solve total                  24.614 s
     build_molinv                    0.015 s    0.1%
     q0 reference field              0.000 s    0.0%
     project_neutral (83 calls)      0.036 s    0.1%
     CG (device when engaged)       24.485 s   99.5%
     everything else (RHS fill, calculate_Q, ASPC bookkeeping)    0.078 s    0.3%
samqeq/kk TIMING: host csr matvec ran 16 times during this run
samqeq/kk TIMING over 774 device matvecs (51 H builds), total 24.654 s
   ghost comm of x (host round trip)    0.420 s    1.7%
   H build (once per solve)             0.164 s    0.7%
   H apply (SpMV per iteration)         1.035 s    4.2%
   diagonal                             0.020 s    0.1%
   reciprocal                          22.985 s   93.2%
   project_neutral                      0.030 s    0.1%
   reciprocal split over 857 calls, 24.358 s
