RUNNING on EXPANSE
RUNNING on GPUs (4 GPU(s))
host exp-7-60  CUDA_VISIBLE_DEVICES=0,1,2,3  ldd not-found (.so): 0
Tesla V100-SXM2-32GB, 32768 MiB
Tesla V100-SXM2-32GB, 32768 MiB
Tesla V100-SXM2-32GB, 32768 MiB
Tesla V100-SXM2-32GB, 32768 MiB
gpu4_r2_a0_d1 rc=0
   peak GPU memory (MiB): 596
Loop time of 42.7995 on 4 procs for 1000 steps with 12288 atoms
Performance: 2.019 ns/day, 11.889 hours/ns, 23.365 timesteps/s, 287.106 katom-step/s
samqeq/kk: stored-H device matvec active (3072 x 908 slots, 0.02 GB) — the pair kernels are evaluated once per solve instead of once per CG iteration
gpu4_r4_a0_d1 rc=0
   peak GPU memory (MiB): 1532
Loop time of 31.9056 on 4 procs for 200 steps with 98304 atoms
Performance: 0.542 ns/day, 44.313 hours/ns, 6.269 timesteps/s, 616.219 katom-step/s
samqeq/kk: stored-H device matvec active (24576 x 925 slots, 0.17 GB) — the pair kernels are evaluated once per solve instead of once per CG iteration
gpu4_r6_a0_d1 rc=0
   peak GPU memory (MiB): 3458
Loop time of 60.8646 on 4 procs for 100 steps with 331776 atoms
Performance: 0.142 ns/day, 169.068 hours/ns, 1.643 timesteps/s, 545.105 katom-step/s
samqeq/kk: stored-H device matvec active (82944 x 925 slots, 0.57 GB) — the pair kernels are evaluated once per solve instead of once per CG iteration
gpu4_r8_a0_d1 rc=0
   peak GPU memory (MiB): 7144
Loop time of 88.017 on 4 procs for 50 steps with 786432 atoms
Performance: 0.049 ns/day, 488.983 hours/ns, 0.568 timesteps/s, 446.750 katom-step/s
samqeq/kk: stored-H device matvec active (196608 x 925 slots, 1.35 GB) — the pair kernels are evaluated once per solve instead of once per CG iteration
