host=login40  jobid=57633318  binary=/global/u1/t/tpascal/codes/lammps/bin/lmp_cpu
start Wed Aug 26 04:22:58 PM PDT 2026
=== N=1 np=16 ionfield=off -> log.np16_N1.off ===
    rc=0
    Loop time of 57.2649 on 16 procs for 500 steps with 13216 atoms
    Performance: 0.189 ns/day, 127.255 hours/ns, 8.731 timesteps/s, 115.394 katom-step/s
=== N=1 np=32 ionfield=off -> log.np32_N1.off ===
    rc=0
    Loop time of 39.8878 on 32 procs for 500 steps with 13216 atoms
    Performance: 0.271 ns/day, 88.640 hours/ns, 12.535 timesteps/s, 165.665 katom-step/s
=== N=1 np=64 ionfield=off -> log.np64_N1.off ===
    rc=0
    Loop time of 29.593 on 64 procs for 500 steps with 13216 atoms
    Performance: 0.365 ns/day, 65.762 hours/ns, 16.896 timesteps/s, 223.296 katom-step/s
=== N=1 np=128 ionfield=off -> log.np128_N1.off ===
    rc=0
    Loop time of 25.784 on 128 procs for 500 steps with 13216 atoms
    Performance: 0.419 ns/day, 57.298 hours/ns, 19.392 timesteps/s, 256.283 katom-step/s
=== N=2 np=256 ionfield=off -> log.np256_N2.off ===
    rc=0
    Loop time of 20.5165 on 256 procs for 500 steps with 13216 atoms
    Performance: 0.526 ns/day, 45.592 hours/ns, 24.371 timesteps/s, 322.083 katom-step/s
=== N=4 np=512 ionfield=off -> log.np512_N4.off ===
    rc=0
    Loop time of 18.2495 on 512 procs for 500 steps with 13216 atoms
    Performance: 0.592 ns/day, 40.555 hours/ns, 27.398 timesteps/s, 362.091 katom-step/s
end Wed Aug 26 04:26:47 PM PDT 2026
DONE_F3_SCALING
