# Reference: stock ReaxFF RDX (LAMMPS examples/reaxff), single point, fix qeq/reaxff at a tight tolerance.
units           real
atom_style      charge
read_data       ../data.rdx
pair_style      reaxff ../control.reax_c.rdx
pair_coeff      * * ../ffield.reax C H O N
neighbor        2.5 bin
neigh_modify    every 10 delay 0 check no
fix             2 all qeq/reaxff 1 0.0 10.0 1.0e-10 reaxff maxiter 2000
compute         reax all pair reaxff
variable        eqeq equal c_reax[14]
thermo_style    custom step pe v_eqeq
thermo_modify   format float %.10f
run             0
variable        peval equal pe
print           "pe ${peval} eqeq ${eqeq}" file energies.txt screen no
write_dump      all custom charges.dump id type q modify sort id format line "%d %d %.15g"
