rc=0 nat_a6p
  G vector (1/distance) = 0.33957131
  grid = 36 36 36
samqeq SOLVER-DIAG step 0: CG 28 iters (=28 matvecs), resid/b=5.33e-11
RUN0_DONE tag=nat_a6p acc=1.0e-6 tol=1.0e-10 pe=-588.38548844
rc=0 nat_a8p
  G vector (1/distance) = 0.33957131
  grid = 90 90 90
samqeq SOLVER-DIAG step 0: CG 28 iters (=28 matvecs), resid/b=5.33e-11
RUN0_DONE tag=nat_a8p acc=1.0e-8 tol=1.0e-10 pe=-588.385480856
rc=0 nat_a6u
  G vector (1/distance) = 0.34575708
  grid = 40 40 40
samqeq SOLVER-DIAG step 0: CG 27 iters (=27 matvecs), resid/b=5.87e-11
RUN0_DONE tag=nat_a6u acc=1.0e-6 tol=1.0e-10 pe=-583.37244952
=== reconstruct nat_a6p  g_ewald=0.33957131  rs=0.37933
spectra (eV):
  code operator (as solved)              lam_min    1.35757  lam_max   10.90583  kappa 8.033348514416419  neg 0  null 512
  rs := 2a/sqrt(pi) (no pin offset)      lam_min    1.30234  lam_max   10.85060  kappa 8.33159499829384  neg 0  null 512
  kernel only (no reciprocal), bare eta  lam_min   -6.82340  lam_max   19.36407  kappa None  neg 273  null 512

frame frame_nat_a6p.dump: 1536 atoms, 1536 variables in 512 fragments, 0 fixed sources, 0 own shells; box 24.812096
g_ewald 0.33957131  rs 0.37933  2a/sqrt(pi) 0.383165  phi0 0.270597 (kexp check 0.270597)  xi_image -0.114351 (cubic est -0.114351)  uniform shift +0.05523 eV
VALIDATION vs LAMMPS: max|dq| 3.251e-06 e   rms 8.995e-07 e   by type {1: 3.2510735026303195e-06, 2: 2.7843969087060216e-06}   (LAMMPS per-mol sum dev 1.55e-15)
J(0) eV: {'1-1': 15.983605950000001, '1-2': 15.983605950000001, '2-2': 15.983605950000001}   eta_min 15.1145
wrote rec_nat_a6p.json  (4.5 s)
=== reconstruct nat_a8p  g_ewald=0.33957131  rs=0.37933
spectra (eV):
  code operator (as solved)              lam_min    1.35757  lam_max   10.90583  kappa 8.033348514416419  neg 0  null 512
  rs := 2a/sqrt(pi) (no pin offset)      lam_min    1.30234  lam_max   10.85060  kappa 8.33159499829384  neg 0  null 512
  kernel only (no reciprocal), bare eta  lam_min   -6.82340  lam_max   19.36407  kappa None  neg 273  null 512

frame frame_nat_a8p.dump: 1536 atoms, 1536 variables in 512 fragments, 0 fixed sources, 0 own shells; box 24.812096
g_ewald 0.33957131  rs 0.37933  2a/sqrt(pi) 0.383165  phi0 0.270597 (kexp check 0.270597)  xi_image -0.114351 (cubic est -0.114351)  uniform shift +0.05523 eV
VALIDATION vs LAMMPS: max|dq| 2.712e-08 e   rms 8.420e-09 e   by type {1: 2.7122004531143773e-08, 2: 2.4208339111098098e-08}   (LAMMPS per-mol sum dev 1.11e-15)
J(0) eV: {'1-1': 15.983605950000001, '1-2': 15.983605950000001, '2-2': 15.983605950000001}   eta_min 15.1145
wrote rec_nat_a8p.json  (4.3 s)
=== reconstruct nat_a6u  g_ewald=0.34575708  rs=0.37933
spectra (eV):
  code operator (as solved)              lam_min    1.45808  lam_max   11.00634  kappa 7.548526348357759  neg 0  null 512
  rs := 2a/sqrt(pi) (no pin offset)      lam_min    1.30234  lam_max   10.85060  kappa 8.331594613256588  neg 0  null 512
  kernel only (no reciprocal), bare eta  lam_min   -6.82340  lam_max   19.36407  kappa None  neg 273  null 512

frame frame_nat_a6u.dump: 1536 atoms, 1536 variables in 512 fragments, 0 fixed sources, 0 own shells; box 24.812096
g_ewald 0.34575708  rs 0.37933  2a/sqrt(pi) 0.390145  phi0 0.277514 (kexp check 0.277514)  xi_image -0.114351 (cubic est -0.114351)  uniform shift +0.15573 eV
VALIDATION vs LAMMPS: max|dq| 2.379e-06 e   rms 6.088e-07 e   by type {1: 2.3790489003250315e-06, 2: 1.4678603872941842e-06}   (LAMMPS per-mol sum dev 8.33e-16)
J(0) eV: {'1-1': 15.983605950000001, '1-2': 15.983605950000001, '2-2': 15.983605950000001}   eta_min 15.1145
wrote rec_nat_a6u.json  (4.0 s)
